Project: infracost/infracost/cmd/infracost/testdata/breakdown_multi_project_skip_paths/glob/test/shown

 Name                                                   Monthly Qty  Unit   Monthly Cost 
                                                                                         
 aws_instance.web_app                                                                    
 ├─ Instance usage (Linux/UNIX, on-demand, m5.8xlarge)          730  hours     $1,121.28 
 ├─ root_block_device                                                                    
 │  └─ Storage (general purpose SSD, gp2)                        50  GB            $5.00 
 └─ ebs_block_device[0]                                                                  
    ├─ Storage (provisioned IOPS SSD, io1)                    1,000  GB          $125.00 
    └─ Provisioned IOPS                                         800  IOPS         $52.00 
                                                                                         
 Project total                                                                 $1,303.28 

──────────────────────────────────
Project: infracost/infracost/cmd/infracost/testdata/breakdown_multi_project_skip_paths/glob/test2/shown

 Name                                                   Monthly Qty  Unit   Monthly Cost 
                                                                                         
 aws_instance.web_app                                                                    
 ├─ Instance usage (Linux/UNIX, on-demand, m5.8xlarge)          730  hours     $1,121.28 
 ├─ root_block_device                                                                    
 │  └─ Storage (general purpose SSD, gp2)                        50  GB            $5.00 
 └─ ebs_block_device[0]                                                                  
    ├─ Storage (provisioned IOPS SSD, io1)                    1,000  GB          $125.00 
    └─ Provisioned IOPS                                         800  IOPS         $52.00 
                                                                                         
 Project total                                                                 $1,303.28 

──────────────────────────────────
Project: infracost/infracost/cmd/infracost/testdata/breakdown_multi_project_skip_paths/shown

 Name                                                   Monthly Qty  Unit   Monthly Cost 
                                                                                         
 aws_instance.web_app                                                                    
 ├─ Instance usage (Linux/UNIX, on-demand, m5.8xlarge)          730  hours     $1,121.28 
 ├─ root_block_device                                                                    
 │  └─ Storage (general purpose SSD, gp2)                        50  GB            $5.00 
 └─ ebs_block_device[0]                                                                  
    ├─ Storage (provisioned IOPS SSD, io1)                    1,000  GB          $125.00 
    └─ Provisioned IOPS                                         800  IOPS         $52.00 
                                                                                         
 Project total                                                                 $1,303.28 

 OVERALL TOTAL                                                                 $3,909.84 
──────────────────────────────────
3 cloud resources were detected:
∙ 3 were estimated, all of which include usage-based costs, see https://infracost.io/usage-file

Err:

